// Jest Snapshot v1, https://goo.gl/fbAQLP

exports[`Wallet renders propely 1`] = `ShallowWrapper {}`;
